# ORION QUANTUM SIMULATION LOG
# Generated: 2025-05-20 16:15:00
# System: Quantum Simulation Core v4.3.1

[INFO] 2025-05-20 16:15:01 - Initializing quantum simulation environment...
[INFO] 2025-05-20 16:15:02 - Loading quantum circuit configuration...
[INFO] 2025-05-20 16:15:03 - Allocating quantum resources...
[INFO] 2025-05-20 16:15:04 - Initializing 2 qubit registers
[INFO] 2025-05-20 16:15:05 - Applying Hadamard gate to qubit 0
[INFO] 2025-05-20 16:15:06 - Applying X gate to qubit 1
[INFO] 2025-05-20 16:15:07 - Applying CNOT gate (control: 0, target: 1)
[INFO] 2025-05-20 16:15:08 - Measurement complete
[INFO] 2025-05-20 16:15:09 - Simulation results:
    |00⟩: 0.0%
    |01⟩: 0.0%
    |10⟩: 0.0%
    |11⟩: 100.0%
[INFO] 2025-05-20 16:15:10 - Simulation completed successfully
[INFO] 2025-05-20 16:15:11 - Execution time: 10.23 ms
[INFO] 2025-05-20 16:15:12 - Quantum resources released
[INFO] 2025-05-20 16:15:13 - Simulation session terminated

=== SIMULATION VECTOR ===
Encoded vector: 54 68 65 20 6b 65 79 20 69 73 20 69 6e 20 74 68 65 20 66 69 72 73 74 20 63 6f 6d 6d 69 74
