=== ORION QUANTUM VAULT - SYSTEM LOGS ===
[2025-05-20 10:36:45] SYSTEM BOOT: QUANTUM CORE INITIALIZED
[2025-05-20 10:36:47] SECURITY: ZETA-12 PROTOCOL ENGAGED
[2025-05-20 10:36:50] QUANTUM ENTANGLEMENT: STABLE (98.7%)
[2025-05-20 10:36:55] CORE TEMPERATURE: 42.7°C (NOMINAL)
[2025-05-20 10:37:00] WARNING: QUANTUM DECOHERENCE DETECTED IN SECTOR 7
[2025-05-20 10:37:05] SECURITY: UNAUTHORIZED ACCESS ATTEMPT - SOURCE: 192.168.1.100
[2025-05-20 10:37:10] SYSTEM: PURGE INITIATED - REMOVING QUANTUM RESIDUE
[2025-05-20 10:37:15] ALERT: CRITICAL KEY DETECTED: DECOY_KEY_456
[2025-05-20 10:37:20] DEBUG: QUANTUM STATE STABILIZED - FALSE POSITIVE
[2025-05-20 10:37:25] NOTICE: VAULT CONFIGURATION BACKUP COMPLETE
[2025-05-20 10:37:30] ERROR: QUANTUM SIGNATURE VERIFICATION FAILED - CHECKSUM MISMATCH
[2025-05-20 10:37:35] SECURITY: UNAUTHORIZED ACCESS ATTEMPT LOGGED
[2025-05-20 10:37:40] SYSTEM: INTEGRITY CHECK COMPLETE - NO ISSUES DETECTED
[2025-05-20 10:37:45] WARNING: ANOMALY DETECTED IN QUANTUM FLUX - INVESTIGATING
[2025-05-20 10:37:50] CRITICAL: CORE TEMPERATURE EXCEEDING THRESHOLDS - COOLDOWN INITIATED
[2025-05-20 10:37:55] ALERT: SECURITY PROTOCOL ZETA-12 ACTIVATED
[2025-05-20 10:38:00] SYSTEM: QUANTUM VAULT STATUS - SECURE

=== HIDDEN MESSAGE (ROT13) ===

=== DECOY INFORMATION ===
This log file contains false information and decoy keys.
The real system logs are quantum-encrypted.
Look for patterns in the noise.

=== HINT ===
The fifth segment is hidden in the spectral data.
Check the audio logs and look beyond what you see.
The answer is in the spectrogram of the audio file.

=== SYSTEM STATUS ===
- CORE: STABLE
- SECURITY: QUANTUM-LOCKED
- ACCESS: RESTRICTED
- ENCRYPTION: ACTIVE

[2025-05-20 10:38:30] SYSTEM: ENTERING QUIESCENT MODE - AWAITING QUANTUM RECOVERY
